=== TOP 8 涨停家数交易日 ===
2025-07-21: 125只
2025-08-18: 117只
2025-07-22: 107只
2025-08-19: 103只
2025-08-15: 102只
2025-08-20: 101只
2025-08-13: 97只
2025-08-25: 89只

=== 连板>=3 (期间内达到的最高连板数) 样本量 n=163 ===
688585 上纬新材 peak_date=2025-07-22 streak=10 circ_mcap_yi=192.4 gain20_before=535.75
600749 西藏旅游 peak_date=2025-07-31 streak=8 circ_mcap_yi=63.2 gain20_before=138.98
605303 园林股份 peak_date=2025-08-26 streak=7 circ_mcap_yi=34.1 gain20_before=92.53
600421 ? peak_date=2025-08-19 streak=6 circ_mcap_yi=16.5 gain20_before=27.22
600475 华光环能 peak_date=2025-07-10 streak=6 circ_mcap_yi=172.1 gain20_before=75.41
600826 兰生股份 peak_date=2025-07-18 streak=6 circ_mcap_yi=104.6 gain20_before=89.91
603316 诚邦股份 peak_date=2025-07-03 streak=6 circ_mcap_yi=29.7 gain20_before=75.51
603377 ST东时 peak_date=2025-08-26 streak=6 circ_mcap_yi=28.3 gain20_before=34.24
603626 科森科技 peak_date=2025-08-22 streak=6 circ_mcap_yi=83.2 gain20_before=79.32
603757 大元泵业 peak_date=2025-08-18 streak=6 circ_mcap_yi=82.7 gain20_before=118.96
605255 天普股份 peak_date=2025-08-29 streak=6 circ_mcap_yi=63.3 gain20_before=83.62
605500 森林包装 peak_date=2025-07-10 streak=6 circ_mcap_yi=51.7 gain20_before=77.07
002231 ? peak_date=2025-08-19 streak=6 circ_mcap_yi=13.6 gain20_before=54.0
002289 宇顺电子 peak_date=2025-08-08 streak=6 circ_mcap_yi=72.6 gain20_before=35.15
600117 西宁特钢 peak_date=2025-07-25 streak=5 circ_mcap_yi=123.6 gain20_before=71.17
600326 西藏天路 peak_date=2025-07-25 streak=5 circ_mcap_yi=203.8 gain20_before=77.15
600744 华银电力 peak_date=2025-07-09 streak=5 circ_mcap_yi=161.5 gain20_before=74.03
600777 新潮能源 peak_date=2025-07-14 streak=5 circ_mcap_yi=261.4 gain20_before=28.04
600822 上海物贸 peak_date=2025-07-17 streak=5 circ_mcap_yi=62.1 gain20_before=67.78
600962 国投中鲁 peak_date=2025-07-11 streak=5 circ_mcap_yi=56.7 gain20_before=56.13
601929 吉视传媒 peak_date=2025-08-13 streak=5 circ_mcap_yi=124.3 gain20_before=100.0
603059 倍加洁 peak_date=2025-08-06 streak=5 circ_mcap_yi=45.2 gain20_before=74.64
603222 济民健康 peak_date=2025-08-20 streak=5 circ_mcap_yi=58.4 gain20_before=69.91
603389 亚振家居 peak_date=2025-08-05 streak=5 circ_mcap_yi=68.6 gain20_before=46.71
603767 中马传动 peak_date=2025-08-07 streak=5 circ_mcap_yi=89.8 gain20_before=67.05
605122 四方新材 peak_date=2025-07-11 streak=5 circ_mcap_yi=28.8 gain20_before=65.13
002046 国机精工 peak_date=2025-08-08 streak=5 circ_mcap_yi=159.3 gain20_before=94.92
002199 东晶电子 peak_date=2025-08-07 streak=5 circ_mcap_yi=26.5 gain20_before=27.41
002305 *ST南置 peak_date=2025-08-18 streak=5 circ_mcap_yi=74.8 gain20_before=76.52
002636 金安国纪 peak_date=2025-07-09 streak=5 circ_mcap_yi=109.3 gain20_before=71.87
002808 ? peak_date=2025-07-18 streak=5 circ_mcap_yi=10.9 gain20_before=44.69
600107 *ST尔雅 peak_date=2025-08-21 streak=4 circ_mcap_yi=19.0 gain20_before=20.32
600203 福日电子 peak_date=2025-08-07 streak=4 circ_mcap_yi=92.1 gain20_before=68.76
600246 万通发展 peak_date=2025-08-13 streak=4 circ_mcap_yi=179.7 gain20_before=60.35
600528 中铁工业 peak_date=2025-07-24 streak=4 circ_mcap_yi=244.6 gain20_before=49.39
601003 柳钢股份 peak_date=2025-07-04 streak=4 circ_mcap_yi=130.4 gain20_before=47.85
601218 吉鑫科技 peak_date=2025-07-03 streak=4 circ_mcap_yi=53.0 gain20_before=51.94
601606 长城军工 peak_date=2025-08-07 streak=4 circ_mcap_yi=363.7 gain20_before=93.85
601669 中国电建 peak_date=2025-07-24 streak=4 circ_mcap_yi=927.8 gain20_before=52.98
603021 *ST华鹏 peak_date=2025-08-20 streak=4 circ_mcap_yi=14.1 gain20_before=29.19

总涨停记录数(期间内,含每日): 3115
去重后不同股票数: 1488

连板峰值分布(按不同股票,取期间内最高连板):
  1板: 1103只
  2板: 222只
  3板: 89只
  4板: 43只
  5板: 17只
  6板: 11只
  7板: 1只
  8板+: 2只
