消费微盘 episode 总数 871  2016-03-04~2026-09-02

识别出 18 个消费微盘炒作浪 (阈值=expanding历史80分位, 2018起)
#  起           止              天数 episode数  主导子板块(前3)
------------------------------------------------------------------------------------
1  2018-03-21  2018-04-19     29        5  一般零售(1), 休闲食品(1), 体育Ⅱ(1)
2  2018-05-30  2018-06-19     20        1  文娱用品(1)
3  2018-07-24  2018-08-23     30        7  专业服务(1), 互联网电商(1), 教育(1)
4  2018-11-12  2018-12-18     36       29  家居用品(5), 一般零售(4), 家电零部件Ⅱ(3)
5  2019-02-14  2019-06-13    119       58  种植业(7), 养殖业(6), 一般零售(4)
6  2019-09-09  2019-11-25     77       15  养殖业(3), 教育(2), 一般零售(1)
7  2019-12-30  2020-09-21    266      112  一般零售(13), 服装家纺(11), 种植业(8)
8  2021-03-09  2021-06-30    113       45  服装家纺(9), 一般零售(4), 农产品加工(3)
9  2021-12-24  2022-02-18     56       18  酒店餐饮(3), 食品加工(3), 旅游及景区(2)
10 2022-04-19  2022-06-28     70       23  一般零售(3), 小家电(2), 互联网电商(2)
11 2022-11-25  2023-01-06     42       15  一般零售(4), 休闲食品(3), 饮料乳品(2)
12 2023-11-30  2023-12-27     27        9  贸易Ⅱ(2), 一般零售(1), 教育(1)
13 2024-03-15  2024-04-26     42       18  家居用品(3), 渔业(2), 一般零售(1)
14 2024-09-30  2025-01-13    105      106  一般零售(16), 服装家纺(9), 文娱用品(9)
15 2025-03-18  2025-07-01    105       55  家居用品(7), 服装家纺(6), 包装印刷(5)
16 2025-11-20  2026-01-20     61       23  一般零售(4), 家居用品(4), 包装印刷(3)
17 2026-05-19  2026-05-29     10        2  家居用品(1), 非白酒(1)
18 2026-08-19  2026-09-07     19       13  种植业(3), 农产品加工(2), 一般零售(1)
