消费微盘 episode 总数 505  2016-03-25~2026-09-02

识别出 21 个消费微盘炒作浪 (阈值=expanding历史80分位, 2018起)
#  起           止              天数 episode数  主导子板块(前3)
------------------------------------------------------------------------------------
1  2018-03-22  2018-04-13     22        2  体育Ⅱ(1), 种植业(1)
2  2018-05-30  2018-06-19     20        1  文娱用品(1)
3  2018-11-13  2018-12-13     30       17  家居用品(4), 家电零部件Ⅱ(2), 照明设备Ⅱ(2)
4  2019-02-26  2019-06-04     98       31  饲料(4), 种植业(4), 包装印刷(3)
5  2019-10-11  2019-11-07     27        5  养殖业(2), 互联网电商(1), 包装印刷(1)
6  2020-03-02  2020-04-14     43       13  纺织制造(2), 其他家电Ⅱ(1), 教育(1)
7  2020-05-26  2020-09-23    120       30  家居用品(4), 一般零售(3), 互联网电商(3)
8  2021-03-09  2021-07-01    114       29  服装家纺(7), 文娱用品(3), 农产品加工(2)
9  2021-08-20  2021-09-10     21        4  养殖业(1), 教育(1), 旅游及景区(1)
10 2021-12-20  2022-02-21     63       14  一般零售(2), 专业服务(2), 酒店餐饮(2)
11 2022-04-18  2022-07-18     91       16  一般零售(2), 互联网电商(2), 养殖业(1)
12 2022-11-10  2023-01-10     61       13  一般零售(2), 休闲食品(2), 个护用品(1)
13 2023-07-27  2023-08-18     22        3  一般零售(1), 专业服务(1), 食品加工(1)
14 2023-11-20  2023-12-20     30        7  文娱用品(2), 包装印刷(1), 小家电(1)
15 2024-03-15  2024-04-25     41        9  家居用品(2), 专业服务(1), 养殖业(1)
16 2024-08-20  2025-01-13    146       68  服装家纺(8), 文娱用品(8), 一般零售(6)
17 2025-03-12  2025-07-01    111       37  家居用品(6), 服装家纺(5), 纺织制造(4)
18 2025-11-14  2025-12-10     26        5  包装印刷(1), 服装家纺(1), 林业Ⅱ(1)
19 2026-01-05  2026-02-10     36        8  服装家纺(2), 一般零售(1), 专业服务(1)
20 2026-05-14  2026-06-01     18        3  家居用品(2), 小家电(1)
21 2026-08-19  2026-09-07     19        8  种植业(2), 一般零售(1), 休闲食品(1)
