══════════════════════════════════════════════════════════════════════════════════════════
【一】浪内轮动顺序: 各子板块首次触发日相对浪起点的天数
(只列出现≥3次的子板块, 滞后=交易日, 0=浪的第一天就触发)

        出现浪数  中位滞后  均值滞后  最早    一级
sub                               
厨卫电器       3   2.0   8.3   1  家用电器
饲料         6   4.0  27.8   0  农林牧渔
服装家纺      12   4.5   7.1   0  纺织服饰
教育         8   5.5  14.9   0  社会服务
旅游及景区      9   6.0  19.4   0  社会服务
白色家电       4   6.0  17.8   0  家用电器
种植业        9   6.0   9.8   0  农林牧渔
饮料乳品       7   6.0  19.0   1  食品饮料
食品加工       9   7.0  23.6   0  食品饮料
动物保健Ⅱ      4   9.0   9.8   7  农林牧渔
家居用品      11   9.0  23.4   0  轻工制造
休闲食品       9  10.0  17.4   0  食品饮料
贸易Ⅱ       10  10.0  18.8   0  商贸零售
纺织制造      12  11.0  13.9   0  纺织服饰
一般零售      15  11.0  12.2   0  商贸零售
林业Ⅱ        6  13.0  19.0   2  农林牧渔
非白酒        4  13.0  17.5   0  食品饮料
调味发酵品Ⅱ     6  13.5  18.0   0  食品饮料
黑色家电       3  14.0  25.3   1  家用电器
文娱用品      10  14.5  24.5   0  轻工制造
化妆品        5  15.0  17.2   4  美容护理
互联网电商      6  15.0  18.7   0  商贸零售
包装印刷       9  16.0  25.4   0  轻工制造
家电零部件Ⅱ    10  16.5  16.8   1  家用电器
养殖业        9  20.0  38.0   0  农林牧渔
酒店餐饮       6  20.0  20.3   1  社会服务
农产品加工      8  21.5  22.6   0  农林牧渔
渔业         8  21.5  20.5   0  农林牧渔
专业服务       8  21.5  24.5   0  社会服务
照明设备Ⅱ      6  22.0  22.7   0  家用电器
造纸        10  22.5  32.7   2  轻工制造
个护用品       5  34.0  30.0   1  美容护理
饰品         6  39.0  44.3   4  纺织服饰
小家电        5  41.0  51.2   8  家用电器
专业连锁Ⅱ      3  48.0  45.0   0  商贸零售
白酒Ⅱ        3  56.0  66.7  24  食品饮料

══════════════════════════════════════════════════════════════════════════════════════════
【二】二次炒作: 一只股票被炒过之后, 还会不会再被炒

有过≥1次episode的消费微盘股: 403 只
  只被炒1次: 161 只 (40.0%)
  被炒2次  : 117 只 (29.0%)
  被炒≥3次 : 125 只 (31.0%)
  人均次数 : 2.16

  ── 复炒间隔(交易日) ──
  n=468  P10=134 P25=204 中位=372 P75=759 P90=1110
  半年内复炒占全部复炒的 9%
  1年内复炒占全部复炒的 33%
  2年内复炒占全部复炒的 60%

══════════════════════════════════════════════════════════════════════════════════════════
【三】触发后收益: 触发日收盘买入, 持有N日

持有N日        样本     中位%     均值%     胜率%    P25%    P75%
------------------------------------------------------
1          871    -1.0     0.3      46    -6.5     9.9
3          871    -3.8    -0.9      40   -11.1     7.0
5          867    -5.4    -1.7      36   -14.4     5.7
10         864    -8.2    -3.6      32   -17.9     4.1
20         853   -10.5    -4.7      30   -21.2     4.4
40         848   -12.7    -5.8      30   -23.2     5.3
60         845   -15.3    -8.0      28   -25.6     2.4
