══════════════════════════════════════════════════════════════════════════════════════════
【一】浪内轮动顺序: 各子板块首次触发日相对浪起点的天数
(只列出现≥3次的子板块, 滞后=交易日, 0=浪的第一天就触发)

        出现浪数  中位滞后  均值滞后  最早    一级
sub                               
服装家纺      13   5.0   8.5   0  纺织服饰
专业服务       6   6.0  11.3   0  社会服务
旅游及景区      8   6.5  16.0   0  社会服务
贸易Ⅱ        4   6.5   6.8   1  商贸零售
互联网电商      4   6.5   8.0   0  商贸零售
一般零售      12   7.5  13.2   0  商贸零售
造纸         5   8.0  25.8   0  轻工制造
教育         5   8.0  20.2   5  社会服务
包装印刷      10   8.5  13.8   0  轻工制造
饮料乳品       6   9.0  12.7   0  食品饮料
食品加工       8   9.5  17.1   0  食品饮料
林业Ⅱ        4  10.5  13.8   6  农林牧渔
动物保健Ⅱ      3  11.0  18.3   6  农林牧渔
饰品         5  13.0  22.6   4  纺织服饰
家居用品       8  13.5  17.2   0  轻工制造
养殖业        8  14.0  24.2   0  农林牧渔
饲料         4  14.0  23.8   0  农林牧渔
照明设备Ⅱ      6  15.0  24.5   0  家用电器
文娱用品       9  15.0  21.4   0  轻工制造
小家电        4  15.0  17.8   0  家用电器
休闲食品       5  16.0  21.0   0  食品饮料
渔业         4  16.5  22.0   8  农林牧渔
纺织制造       9  17.0  17.9   0  纺织服饰
调味发酵品Ⅱ     5  17.0  17.6   1  食品饮料
酒店餐饮       3  17.0  17.3  14  社会服务
家电零部件Ⅱ     9  19.0  24.0   0  家用电器
种植业        6  22.5  27.2   0  农林牧渔
黑色家电       3  28.0  31.7   6  家用电器
个护用品       4  37.0  32.8   0  美容护理
农产品加工      4  43.0  39.0  20  农林牧渔

══════════════════════════════════════════════════════════════════════════════════════════
【二】二次炒作: 一只股票被炒过之后, 还会不会再被炒

有过≥1次episode的消费微盘股: 289 只
  只被炒1次: 167 只 (57.8%)
  被炒2次  : 68 只 (23.5%)
  被炒≥3次 : 54 只 (18.7%)
  人均次数 : 1.75

  ── 复炒间隔(交易日) ──
  n=216  P10=136 P25=225 中位=406 P75=846 P90=1252
  半年内复炒占全部复炒的 9%
  1年内复炒占全部复炒的 29%
  2年内复炒占全部复炒的 58%

══════════════════════════════════════════════════════════════════════════════════════════
【三】触发后收益: 触发日收盘买入, 持有N日

持有N日        样本     中位%     均值%     胜率%    P25%    P75%
------------------------------------------------------
1          505    -1.1     0.3      45    -6.7     9.9
3          505    -4.4    -1.3      36   -12.3     6.1
5          503    -6.2    -1.6      35   -14.9     5.7
10         500    -8.0    -3.0      32   -18.3     5.0
20         493   -11.4    -5.4      29   -21.4     4.1
40         490   -12.9    -5.5      30   -23.1     5.2
60         490   -15.8    -8.2      29   -25.8     3.4
